app/(dashboard)/contacts/page.tsx(36,15): error TS2339: Property 'showError' does not exist on type '{ success: (message: string, title?: string | undefined) => void; error: (message: string, title?: string | undefined) => void; warning: (message: string, title?: string | undefined) => void; info: (message: string, title?: string | undefined) => void; }'.
app/(dashboard)/contacts/page.tsx(40,13): error TS2339: Property 'showError' does not exist on type '{ success: (message: string, title?: string | undefined) => void; error: (message: string, title?: string | undefined) => void; warning: (message: string, title?: string | undefined) => void; info: (message: string, title?: string | undefined) => void; }'.
app/(dashboard)/contacts/page.tsx(59,5): error TS2339: Property 'currentPage' does not exist on type '{ page: number; setPage: Dispatch<SetStateAction<number>>; totalPages: number; paged: unknown[]; total: number; }'.
app/(dashboard)/contacts/page.tsx(61,5): error TS2339: Property 'startIndex' does not exist on type '{ page: number; setPage: Dispatch<SetStateAction<number>>; totalPages: number; paged: unknown[]; total: number; }'.
app/(dashboard)/contacts/page.tsx(62,5): error TS2339: Property 'endIndex' does not exist on type '{ page: number; setPage: Dispatch<SetStateAction<number>>; totalPages: number; paged: unknown[]; total: number; }'.
app/(dashboard)/contacts/page.tsx(63,5): error TS2339: Property 'goToPage' does not exist on type '{ page: number; setPage: Dispatch<SetStateAction<number>>; totalPages: number; paged: unknown[]; total: number; }'.
app/(dashboard)/contacts/page.tsx(64,5): error TS2339: Property 'nextPage' does not exist on type '{ page: number; setPage: Dispatch<SetStateAction<number>>; totalPages: number; paged: unknown[]; total: number; }'.
app/(dashboard)/contacts/page.tsx(65,5): error TS2339: Property 'prevPage' does not exist on type '{ page: number; setPage: Dispatch<SetStateAction<number>>; totalPages: number; paged: unknown[]; total: number; }'.
app/(dashboard)/contacts/page.tsx(66,21): error TS2345: Argument of type 'number' is not assignable to parameter of type 'unknown[]'.
app/(dashboard)/contacts/page.tsx(201,27): error TS2322: Type '{ status: any; type: string; }' is not assignable to type 'IntrinsicAttributes & StatusBadgeProps'.
  Property 'type' does not exist on type 'IntrinsicAttributes & StatusBadgeProps'.
app/(dashboard)/contacts/page.tsx(238,17): error TS2322: Type '{ currentPage: any; totalPages: number; onPageChange: any; onNext: any; onPrev: any; }' is not assignable to type 'IntrinsicAttributes & PaginationProps'.
  Property 'currentPage' does not exist on type 'IntrinsicAttributes & PaginationProps'.
app/(dashboard)/forecast/page.tsx(37,15): error TS2339: Property 'showError' does not exist on type '{ success: (message: string, title?: string | undefined) => void; error: (message: string, title?: string | undefined) => void; warning: (message: string, title?: string | undefined) => void; info: (message: string, title?: string | undefined) => void; }'.
app/(dashboard)/forecast/page.tsx(41,13): error TS2339: Property 'showError' does not exist on type '{ success: (message: string, title?: string | undefined) => void; error: (message: string, title?: string | undefined) => void; warning: (message: string, title?: string | undefined) => void; info: (message: string, title?: string | undefined) => void; }'.
app/actions/leads.ts(683,11): error TS2322: Type '"Open"' is not assignable to type 'DealStatus | undefined'.
app/actions/proposals.ts(93,40): error TS2345: Argument of type '{ customer: { id: string; name: string; email: string | null; phone: string | null; customerCode: string; }; deal: { id: string; status: DealStatus; dealName: string; dealValue: number; } | null; } & { ...; }' is not assignable to parameter of type '{ companyId?: string | null | undefined; assignedUserId?: string | null | undefined; executiveId?: string | null | undefined; hostedBy?: string | null | undefined; userId?: string | null | undefined; createdById?: string | ... 1 more ... | undefined; customer?: { ...; } | ... 1 more ... | undefined; deal?: { ...; } ...'.
  Types of property 'customer' are incompatible.
    Type '{ id: string; name: string; email: string | null; phone: string | null; customerCode: string; }' has no properties in common with type '{ assignedUserId?: string | null | undefined; }'.
app/actions/visitors.ts(185,9): error TS2367: This comparison appears to be unintentional because the types '"Admin"' and '"SuperAdmin"' have no overlap.
app/actions/visits.ts(1074,9): error TS2367: This comparison appears to be unintentional because the types '"Admin"' and '"SuperAdmin"' have no overlap.
app/actions/visits.ts(1347,9): error TS2367: This comparison appears to be unintentional because the types '"Customer"' and '"SuperAdmin"' have no overlap.
app/actions/visits.ts(1427,9): error TS2367: This comparison appears to be unintentional because the types '"Customer"' and '"SuperAdmin"' have no overlap.
components/GuidedWorkflowBanner.tsx(61,13): error TS2339: Property 'showSuccess' does not exist on type '{ success: (message: string, title?: string | undefined) => void; error: (message: string, title?: string | undefined) => void; warning: (message: string, title?: string | undefined) => void; info: (message: string, title?: string | undefined) => void; }'.
components/GuidedWorkflowBanner.tsx(64,13): error TS2339: Property 'showError' does not exist on type '{ success: (message: string, title?: string | undefined) => void; error: (message: string, title?: string | undefined) => void; warning: (message: string, title?: string | undefined) => void; info: (message: string, title?: string | undefined) => void; }'.
components/GuidedWorkflowBanner.tsx(73,13): error TS2339: Property 'showSuccess' does not exist on type '{ success: (message: string, title?: string | undefined) => void; error: (message: string, title?: string | undefined) => void; warning: (message: string, title?: string | undefined) => void; info: (message: string, title?: string | undefined) => void; }'.
components/GuidedWorkflowBanner.tsx(77,13): error TS2339: Property 'showError' does not exist on type '{ success: (message: string, title?: string | undefined) => void; error: (message: string, title?: string | undefined) => void; warning: (message: string, title?: string | undefined) => void; info: (message: string, title?: string | undefined) => void; }'.
components/GuidedWorkflowBanner.tsx(91,13): error TS2339: Property 'showSuccess' does not exist on type '{ success: (message: string, title?: string | undefined) => void; error: (message: string, title?: string | undefined) => void; warning: (message: string, title?: string | undefined) => void; info: (message: string, title?: string | undefined) => void; }'.
components/GuidedWorkflowBanner.tsx(98,13): error TS2339: Property 'showError' does not exist on type '{ success: (message: string, title?: string | undefined) => void; error: (message: string, title?: string | undefined) => void; warning: (message: string, title?: string | undefined) => void; info: (message: string, title?: string | undefined) => void; }'.
components/GuidedWorkflowBanner.tsx(108,13): error TS2339: Property 'showSuccess' does not exist on type '{ success: (message: string, title?: string | undefined) => void; error: (message: string, title?: string | undefined) => void; warning: (message: string, title?: string | undefined) => void; info: (message: string, title?: string | undefined) => void; }'.
components/GuidedWorkflowBanner.tsx(111,13): error TS2339: Property 'showError' does not exist on type '{ success: (message: string, title?: string | undefined) => void; error: (message: string, title?: string | undefined) => void; warning: (message: string, title?: string | undefined) => void; info: (message: string, title?: string | undefined) => void; }'.
components/GuidedWorkflowBanner.tsx(117,13): error TS2339: Property 'showError' does not exist on type '{ success: (message: string, title?: string | undefined) => void; error: (message: string, title?: string | undefined) => void; warning: (message: string, title?: string | undefined) => void; info: (message: string, title?: string | undefined) => void; }'.
components/GuidedWorkflowBanner.tsx(124,13): error TS2339: Property 'showSuccess' does not exist on type '{ success: (message: string, title?: string | undefined) => void; error: (message: string, title?: string | undefined) => void; warning: (message: string, title?: string | undefined) => void; info: (message: string, title?: string | undefined) => void; }'.
components/GuidedWorkflowBanner.tsx(128,13): error TS2339: Property 'showError' does not exist on type '{ success: (message: string, title?: string | undefined) => void; error: (message: string, title?: string | undefined) => void; warning: (message: string, title?: string | undefined) => void; info: (message: string, title?: string | undefined) => void; }'.
components/GuidedWorkflowBanner.tsx(282,46): error TS2345: Argument of type 'string | undefined' is not assignable to parameter of type 'string'.
  Type 'undefined' is not assignable to type 'string'.
